{
  "data" : {
    "rich" : {
      "Scenario" : {
        "Name" : "can add staff members",
        "Given" : {
          "university_dept_Departments" : {
            "findDepartmentByName" : {
              "invoke" : {
                "args" : {
                  "name" : "Classics"
                },
                "results" : {
                  "staffMembers" : {
                    "get" : [ {
                      "name" : {
                        "get" : "Gerry Jones"
                      }
                    }, {
                      "name" : {
                        "get" : "Letitia Leadbetter"
                      }
                    } ]
                  }
                }
              }
            }
          }
        },
        "When" : {
          "university_dept_Departments" : {
            "findDepartmentByName" : {
              "invoke" : {
                "results" : {
                  "addStaffMembers" : {
                    "params" : {
                      "staffMembers" : {
                        "datatype" : "rich__university_dept_StaffMember",
                        "choices" : [ {
                          "_meta" : {
                            "saveAs" : "staff-member"
                          },
                          "name" : {
                            "get" : "John Gartner"
                          }
                        }, {
                          "_meta" : {
                            "saveAs" : "staff-member"
                          },
                          "name" : {
                            "get" : "Margaret Randall"
                          }
                        }, {
                          "_meta" : {
                            "saveAs" : "staff-member"
                          },
                          "name" : {
                            "get" : "Mervin Hughes"
                          }
                        } ]
                      }
                    },
                    "invokeIdempotent" : {
                      "results" : {
                        "name" : {
                          "get" : "Classics"
                        },
                        "staffMembers" : {
                          "get" : [ {
                            "name" : {
                              "get" : "Gerry Jones"
                            }
                          }, {
                            "name" : {
                              "get" : "John Gartner"
                            }
                          }, {
                            "name" : {
                              "get" : "Letitia Leadbetter"
                            }
                          }, {
                            "name" : {
                              "get" : "Margaret Randall"
                            }
                          } ]
                        }
                      }
                    }
                  }
                }
              }
            }
          }
        },
        "Then" : {
          "university_dept_Departments" : {
            "findDepartmentByName" : {
              "invoke" : {
                "args" : {
                  "name" : "Classics"
                },
                "results" : {
                  "staffMembers" : {
                    "get" : [ {
                      "name" : {
                        "get" : "Gerry Jones"
                      }
                    }, {
                      "name" : {
                        "get" : "John Gartner"
                      }
                    }, {
                      "name" : {
                        "get" : "Letitia Leadbetter"
                      }
                    }, {
                      "name" : {
                        "get" : "Margaret Randall"
                      }
                    } ]
                  }
                }
              }
            }
          }
        }
      }
    }
  }
}