{
  "data" : {
    "rich" : {
      "university_calc_Calculator" : {
        "jodaLocalPlusDays" : {
          "invoke" : {
            "results" : "2024-01-28"
          }
        }
      }
    }
  }
}