{
  "data" : {
    "rich" : {
      "university_calc_Calculator" : {
        "not" : {
          "invoke" : {
            "results" : false
          }
        }
      }
    }
  }
}