{
  "data" : {
    "rich" : {
      "university_calc_Calculator" : {
        "someLocale" : {
          "invoke" : {
            "results" : "en_GB"
          }
        }
      }
    }
  }
}