{
  "data" : {
    "rich" : {
      "university_calc_Calculator" : {
        "someUuid" : {
          "invoke" : {
            "results" : "91be0d2d-1752-4962-ad2c-89a7ef73a656"
          }
        }
      }
    }
  }
}