{
  "data" : {
    "rich" : {
      "university_calc_Calculator" : {
        "addIntegers" : {
          "invoke" : {
            "results" : 3
          }
        }
      }
    }
  }
}