{
  "data" : {
    "rich" : {
      "university_dept_Department" : {
        "changeName" : {
          "hidden" : false
        }
      }
    }
  }
}