{
  "data" : {
    "university_dept_Department__changeName" : {
      "name" : {
        "get" : "Classics and Ancient History"
      }
    }
  }
}