{
  "data" : {
    "rich" : {
      "university_dept_Person" : {
        "name" : {
          "get" : "Letitia Leadbetter"
        }
      }
    }
  }
}