{
  "data" : {
    "university_dept_StaffMember__name" : {
      "name" : {
        "get" : "Jonathon Gartner"
      }
    }
  }
}