{
  "data" : {
    "university_dept_Departments__createDepartment" : {
      "name" : {
        "get" : "Geophysics"
      }
    }
  }
}