{
  "data" : {
    "rich" : {
      "university_dept_DeptHeads" : {
        "findHeadByName" : {
          "invoke" : {
            "results" : {
              "name" : {
                "get" : "Dr. Barney Jones"
              },
              "department" : {
                "get" : {
                  "name" : {
                    "get" : "Classics"
                  }
                }
              }
            }
          }
        }
      }
    }
  }
}