{
  "data" : {
    "rich" : {
      "university_dept_DeptHeads" : {
        "findHeadByName" : {
          "invoke" : {
            "results" : {
              "changeName" : {
                "validate" : "Name cannot contain '!' character"
              }
            }
          }
        }
      }
    }
  }
}