{
  "data" : {
    "rich" : {
      "Scenario" : {
        "Name" : "DeptHead is also a Person",
        "Given" : {
          "university_dept_People" : {
            "findNamed" : {
              "invoke" : {
                "args" : {
                  "name" : "Dr. Helen Johansen"
                },
                "results" : {
                  "name" : {
                    "get" : "Dr. Helen Johansen"
                  },
                  "_meta" : {
                    "saveAs" : "dept-head"
                  }
                }
              }
            }
          }
        },
        "When" : {
          "university_dept_Person" : {
            "name" : {
              "get" : "Dr. Helen Johansen"
            }
          }
        }
      }
    }
  }
}