{
  "links" : [ {
    "rel" : "self",
    "href" : "http://0.0.0.0:NNN/restful/",
    "method" : "GET",
    "type" : "application/json;profile=\"urn:org.restfulobjects:repr-types/homepage\""
  }, {
    "rel" : "urn:org.restfulobjects:rels/user",
    "href" : "http://0.0.0.0:NNN/restful/user",
    "method" : "GET",
    "type" : "application/json;profile=\"urn:org.restfulobjects:repr-types/user\""
  }, {
    "rel" : "urn:org.apache.causeway.restfulobjects:rels/menuBars",
    "href" : "http://0.0.0.0:NNN/restful/menuBars",
    "method" : "GET",
    "type" : "application/json;profile=\"urn:org.restfulobjects:repr-types/layout-menubars\""
  }, {
    "rel" : "urn:org.restfulobjects:rels/services",
    "href" : "http://0.0.0.0:NNN/restful/services",
    "method" : "GET",
    "type" : "application/json;profile=\"urn:org.restfulobjects:repr-types/list\""
  }, {
    "rel" : "urn:org.restfulobjects:rels/version",
    "href" : "http://0.0.0.0:NNN/restful/version",
    "method" : "GET",
    "type" : "application/json;profile=\"urn:org.restfulobjects:repr-types/version\""
  }, {
    "rel" : "urn:org.restfulobjects:rels/domain-types",
    "href" : "http://0.0.0.0:NNN/restful/domain-types",
    "method" : "GET",
    "type" : "application/json;profile=\"urn:org.restfulobjects:repr-types/type-list\""
  } ],
  "extensions" : { }
}