{
  "data" : {
    "rich" : {
      "university_calc_calculatorHyphenated" : {
        "addDoubles" : {
          "invoke" : {
            "results" : 3.3000000000000003
          }
        }
      }
    }
  }
}