{
  "data" : {
    "rich" : {
      "university_calc_Calculator" : {
        "jdk8ZonedPlusDaysAndHoursAndMinutes" : {
          "invoke" : {
            "results" : "2022-04-18T10:35:10+02:00"
          }
        }
      }
    }
  }
}