{
  "data" : {
    "rich" : {
      "university_calc_Calculator" : {
        "concat" : {
          "invoke" : {
            "results" : "FizzBuzz"
          }
        }
      }
    }
  }
}