{
  "data" : {
    "rich" : {
      "university_calc_Calculator" : {
        "jdk8OffsetPlusHoursAndMinutes" : {
          "invoke" : {
            "results" : "06:20:20-01:00"
          }
        }
      }
    }
  }
}