{
  "data" : {
    "rich" : {
      "university_calc_Calculator" : {
        "jdk8OffsetPlusDaysAndHoursAndMinutes" : {
          "invoke" : {
            "results" : "2024-08-15T06:20:20.000-01:00"
          }
        }
      }
    }
  }
}