{
  "data" : {
    "rich" : {
      "university_calc_Calculator" : {
        "jodaLocalPlusHoursAndMinutes" : {
          "invoke" : {
            "results" : "15:55:05.000"
          }
        }
      }
    }
  }
}