<?xml version="1.0" encoding="UTF-8" standalone="yes"?><type-a><nested><string>b-string</string></nested></type-a>