{
  "data" : {
    "rich" : {
      "university_admin_AdminMenu" : {
        "adminAction" : {
          "hidden" : true,
          "disabled" : null
        }
      }
    }
  }
}