{
  "data" : {
    "rich" : {
      "university_admin_AdminMenu" : {
        "otherAdminAction" : {
          "hidden" : false,
          "disabled" : "yup, disabled!"
        }
      }
    }
  }
}