{
  "data" : {
    "rich" : {
      "university_admin_AdminMenu" : {
        "actionWithHiddenParam" : {
          "params" : {
            "firstParam" : {
              "hidden" : true
            },
            "secondParam" : {
              "hidden" : false
            }
          }
        }
      }
    }
  }
}